[DONE] Read User Account File

Welcome to auction site!
Enter username: reg_user
[DONE] Read Available Items File

Enter command: 
Enter amount: 
[DONE] Credit added
reg_user        SS 000100.00

Enter command: 
Good bye!
