[DONE] Read User Account File

Welcome to auction site!
Enter username: existing_user
[DONE] Read Available Items File

Enter command: 
[ERROR] Account Not Privilleged!

Enter command: 
Good bye!
