[DONE] Read User Account File

Welcome to auction site!
Enter username: admin
[DONE] Read Available Items File

Enter command: 
Enter item name: 
Enter seller's username: 
Current highest bid is 1
Please enter new bid amount: 
[DONE] Bid placed
04 item_name           reg_user        admin           014.00

Enter command: 
Good bye!
