[DONE] Read User Account File

Welcome to auction site!
Enter username: admin
[DONE] Read Available Items File

Enter command: 
Enter item name: 
Enter seller's username: 
[ERROR] Invalid seller username

Enter command: 
Good bye!
