[DONE] Read User Account File

Welcome to auction site!
Enter username: admin
[DONE] Read Available Items File

Enter command: 
Enter new username: 
User Types:
	AA: Admin 
	FS: Full-standard 
	BS: Buy-standard 
	SS: Sell-standard

Enter user type: 
Enter credit value: 
[ERROR] Invalid input

Enter command: 
Good bye!
