[DONE] Read User Account File

Welcome to auction site!
Enter username: admin
[DONE] Read Available Items File

Enter command: 
Enter target username: 
[DONE] User deleted
02 target_user     SS 999998.00

Enter command: 
Good bye!
