[DONE] Read User Account File

Welcome to auction site!
Enter username: admin
[DONE] Read Available Items File

Enter command: 
Enter seller's username: 
[ERROR] Seller does not exist

Enter command: 
Good bye!
